<?xml version="1.0" encoding="utf-8"?><testsuites name="pytest tests"><testsuite name="pytest" errors="0" failures="0" skipped="46" tests="392" time="21.988" timestamp="2026-10-08T14:53:34.878748+08:00" hostname="DESKTOP-KU0D13R"><testcase classname="tests.e2e.test_mcp.TestMCPServer" name="test_lifespan_initialization" time="0.003"><skipped type="pytest.skip" message="Requires PostgreSQL/API credentials; run with --live">E:\LLM Project\作业\reference-repo\w5\pg-mcp\tests\e2e\test_mcp.py:15: Requires PostgreSQL/API credentials; run with --live</skipped></testcase><testcase classname="tests.e2e.test_mcp.TestMCPServer" name="test_query_tool_sql_only" time="0.001"><skipped type="pytest.skip" message="Requires PostgreSQL/API credentials; run with --live">E:\LLM Project\作业\reference-repo\w5\pg-mcp\tests\e2e\test_mcp.py:24: Requires PostgreSQL/API credentials; run with --live</skipped></testcase><testcase classname="tests.e2e.test_mcp.TestMCPServer" name="test_query_tool_with_execution" time="0.003"><skipped type="pytest.skip" message="Requires PostgreSQL/API credentials; run with --live">E:\LLM Project\作业\reference-repo\w5\pg-mcp\tests\e2e\test_mcp.py:42: Requires PostgreSQL/API credentials; run with --live</skipped></testcase><testcase classname="tests.e2e.test_mcp.TestMCPServer" name="test_query_tool_invalid_return_type" time="0.001"><skipped type="pytest.skip" message="Requires PostgreSQL/API credentials; run with --live">E:\LLM Project\作业\reference-repo\w5\pg-mcp\tests\e2e\test_mcp.py:61: Requires PostgreSQL/API credentials; run with --live</skipped></testcase><testcase classname="tests.e2e.test_mcp.TestMCPServer" name="test_query_tool_empty_question" time="0.001"><skipped type="pytest.skip" message="Requires PostgreSQL/API credentials; run with --live">E:\LLM Project\作业\reference-repo\w5\pg-mcp\tests\e2e\test_mcp.py:75: Requires PostgreSQL/API credentials; run with --live</skipped></testcase><testcase classname="tests.e2e.test_mcp.TestMCPServer" name="test_query_tool_with_database_parameter" time="0.001"><skipped type="pytest.skip" message="Requires PostgreSQL/API credentials; run with --live">E:\LLM Project\作业\reference-repo\w5\pg-mcp\tests\e2e\test_mcp.py:88: Requires PostgreSQL/API credentials; run with --live</skipped></testcase><testcase classname="tests.e2e.test_mcp.TestMCPServer" name="test_query_tool_response_format" time="0.001"><skipped type="pytest.skip" message="Requires PostgreSQL/API credentials; run with --live">E:\LLM Project\作业\reference-repo\w5\pg-mcp\tests\e2e\test_mcp.py:107: Requires PostgreSQL/API credentials; run with --live</skipped></testcase><testcase classname="tests.e2e.test_mcp.TestMCPServerErrors" name="test_query_before_initialization" time="0.001"><skipped type="pytest.skip" message="Requires PostgreSQL/API credentials; run with --live">E:\LLM Project\作业\reference-repo\w5\pg-mcp\tests\e2e\test_mcp.py:136: Requires PostgreSQL/API credentials; run with --live</skipped></testcase><testcase classname="tests.e2e.test_mcp.TestMCPServerErrors" name="test_malformed_question_handling" time="0.001"><skipped type="pytest.skip" message="Requires PostgreSQL/API credentials; run with --live">E:\LLM Project\作业\reference-repo\w5\pg-mcp\tests\e2e\test_mcp.py:160: Requires PostgreSQL/API credentials; run with --live</skipped></testcase><testcase classname="tests.e2e.test_mcp.TestMCPServerLifecycle" name="test_multiple_lifespan_contexts" time="0.002"><skipped type="pytest.skip" message="Requires PostgreSQL/API credentials; run with --live">E:\LLM Project\作业\reference-repo\w5\pg-mcp\tests\e2e\test_mcp.py:183: Requires PostgreSQL/API credentials; run with --live</skipped></testcase><testcase classname="tests.e2e.test_mcp.TestMCPServerLifecycle" name="test_nested_queries_in_lifespan" time="0.001"><skipped type="pytest.skip" message="Requires PostgreSQL/API credentials; run with --live">E:\LLM Project\作业\reference-repo\w5\pg-mcp\tests\e2e\test_mcp.py:202: Requires PostgreSQL/API credentials; run with --live</skipped></testcase><testcase classname="tests.e2e.test_mcp" name="test_query_with_fixture" time="0.001"><skipped type="pytest.skip" message="Requires PostgreSQL/API credentials; run with --live">E:\LLM Project\作业\reference-repo\w5\pg-mcp\tests\e2e\test_mcp.py:229: Requires PostgreSQL/API credentials; run with --live</skipped></testcase><testcase classname="tests.e2e.test_mcp" name="test_end_to_end_query_flow" time="0.001"><skipped type="pytest.skip" message="Requires PostgreSQL/API credentials; run with --live">E:\LLM Project\作业\reference-repo\w5\pg-mcp\tests\e2e\test_mcp.py:241: Requires PostgreSQL/API credentials; run with --live</skipped></testcase><testcase classname="tests.e2e.test_mcp.TestMCPServerIntegration" name="test_natural_language_to_sql_flow" time="0.001"><skipped type="pytest.skip" message="Requires PostgreSQL/API credentials; run with --live">E:\LLM Project\作业\reference-repo\w5\pg-mcp\tests\e2e\test_mcp.py:287: Requires PostgreSQL/API credentials; run with --live</skipped></testcase><testcase classname="tests.e2e.test_mcp.TestMCPServerIntegration" name="test_query_execution_with_results" time="0.001"><skipped type="pytest.skip" message="Requires PostgreSQL/API credentials; run with --live">E:\LLM Project\作业\reference-repo\w5\pg-mcp\tests\e2e\test_mcp.py:307: Requires PostgreSQL/API credentials; run with --live</skipped></testcase><testcase classname="tests.e2e.test_mcp.TestMCPServerIntegration" name="test_confidence_scoring" time="0.001"><skipped type="pytest.skip" message="Requires PostgreSQL/API credentials; run with --live">E:\LLM Project\作业\reference-repo\w5\pg-mcp\tests\e2e\test_mcp.py:332: Requires PostgreSQL/API credentials; run with --live</skipped></testcase><testcase classname="tests.e2e.test_mcp.TestMCPServerIntegration" name="test_token_usage_tracking" time="0.001"><skipped type="pytest.skip" message="Requires PostgreSQL/API credentials; run with --live">E:\LLM Project\作业\reference-repo\w5\pg-mcp\tests\e2e\test_mcp.py:348: Requires PostgreSQL/API credentials; run with --live</skipped></testcase><testcase classname="tests.e2e.test_mcp.TestMCPServerIntegration" name="test_security_validation_enforcement" time="0.002"><skipped type="pytest.skip" message="Requires PostgreSQL/API credentials; run with --live">E:\LLM Project\作业\reference-repo\w5\pg-mcp\tests\e2e\test_mcp.py:364: Requires PostgreSQL/API credentials; run with --live</skipped></testcase><testcase classname="tests.e2e.test_mcp.TestMCPServerIntegration" name="test_complex_query_generation" time="0.001"><skipped type="pytest.skip" message="Requires PostgreSQL/API credentials; run with --live">E:\LLM Project\作业\reference-repo\w5\pg-mcp\tests\e2e\test_mcp.py:388: Requires PostgreSQL/API credentials; run with --live</skipped></testcase><testcase classname="tests.e2e.test_mcp.TestMCPServerIntegration" name="test_schema_context_usage" time="0.001"><skipped type="pytest.skip" message="Requires PostgreSQL/API credentials; run with --live">E:\LLM Project\作业\reference-repo\w5\pg-mcp\tests\e2e\test_mcp.py:414: Requires PostgreSQL/API credentials; run with --live</skipped></testcase><testcase classname="tests.e2e.test_mcp.TestMCPServerIntegration" name="test_error_recovery" time="0.002"><skipped type="pytest.skip" message="Requires PostgreSQL/API credentials; run with --live">E:\LLM Project\作业\reference-repo\w5\pg-mcp\tests\e2e\test_mcp.py:433: Requires PostgreSQL/API credentials; run with --live</skipped></testcase><testcase classname="tests.e2e.test_mcp.TestMCPServerIntegration" name="test_retry_mechanism" time="0.001"><skipped type="pytest.skip" message="Requires PostgreSQL/API credentials; run with --live">E:\LLM Project\作业\reference-repo\w5\pg-mcp\tests\e2e\test_mcp.py:460: Requires PostgreSQL/API credentials; run with --live</skipped></testcase><testcase classname="tests.e2e.test_mcp.TestMCPServerIntegration" name="test_metrics_collection" time="0.001"><skipped type="pytest.skip" message="Requires PostgreSQL/API credentials; run with --live">E:\LLM Project\作业\reference-repo\w5\pg-mcp\tests\e2e\test_mcp.py:475: Requires PostgreSQL/API credentials; run with --live</skipped></testcase><testcase classname="tests.e2e.test_mcp.TestMCPServerIntegration" name="test_concurrent_query_handling" time="0.001"><skipped type="pytest.skip" message="Requires PostgreSQL/API credentials; run with --live">E:\LLM Project\作业\reference-repo\w5\pg-mcp\tests\e2e\test_mcp.py:490: Requires PostgreSQL/API credentials; run with --live</skipped></testcase><testcase classname="tests.e2e.test_mcp.TestMCPServerIntegration" name="test_database_parameter_override" time="0.001"><skipped type="pytest.skip" message="Requires PostgreSQL/API credentials; run with --live">E:\LLM Project\作业\reference-repo\w5\pg-mcp\tests\e2e\test_mcp.py:511: Requires PostgreSQL/API credentials; run with --live</skipped></testcase><testcase classname="tests.e2e.test_mcp.TestMCPServerIntegration" name="test_readonly_enforcement" time="0.001"><skipped type="pytest.skip" message="Requires PostgreSQL/API credentials; run with --live">E:\LLM Project\作业\reference-repo\w5\pg-mcp\tests\e2e\test_mcp.py:532: Requires PostgreSQL/API credentials; run with --live</skipped></testcase><testcase classname="tests.e2e.test_mcp.TestMCPServerIntegration" name="test_result_validation_feedback" time="0.001"><skipped type="pytest.skip" message="Requires PostgreSQL/API credentials; run with --live">E:\LLM Project\作业\reference-repo\w5\pg-mcp\tests\e2e\test_mcp.py:555: Requires PostgreSQL/API credentials; run with --live</skipped></testcase><testcase classname="tests.integration.test_full_flow.TestFullQueryFlow" name="test_simple_query_execution" time="0.001"><skipped type="pytest.skip" message="Requires PostgreSQL/API credentials; run with --live">E:\LLM Project\作业\reference-repo\w5\pg-mcp\tests\integration\test_full_flow.py:15: Requires PostgreSQL/API credentials; run with --live</skipped></testcase><testcase classname="tests.integration.test_full_flow.TestFullQueryFlow" name="test_query_with_validation" time="0.001"><skipped type="pytest.skip" message="Requires PostgreSQL/API credentials; run with --live">E:\LLM Project\作业\reference-repo\w5\pg-mcp\tests\integration\test_full_flow.py:45: Requires PostgreSQL/API credentials; run with --live</skipped></testcase><testcase classname="tests.integration.test_full_flow.TestFullQueryFlow" name="test_sql_only_mode" time="0.001"><skipped type="pytest.skip" message="Requires PostgreSQL/API credentials; run with --live">E:\LLM Project\作业\reference-repo\w5\pg-mcp\tests\integration\test_full_flow.py:75: Requires PostgreSQL/API credentials; run with --live</skipped></testcase><testcase classname="tests.integration.test_full_flow.TestFullQueryFlow" name="test_multi_database_selection" time="0.001"><skipped type="pytest.skip" message="Requires PostgreSQL/API credentials; run with --live">E:\LLM Project\作业\reference-repo\w5\pg-mcp\tests\integration\test_full_flow.py:105: Requires PostgreSQL/API credentials; run with --live</skipped></testcase><testcase classname="tests.integration.test_full_flow.TestFullQueryFlow" name="test_security_rejection" time="0.001"><skipped type="pytest.skip" message="Requires PostgreSQL/API credentials; run with --live">E:\LLM Project\作业\reference-repo\w5\pg-mcp\tests\integration\test_full_flow.py:135: Requires PostgreSQL/API credentials; run with --live</skipped></testcase><testcase classname="tests.integration.test_full_flow.TestFullQueryFlow" name="test_llm_retry_on_invalid_sql" time="0.001"><skipped type="pytest.skip" message="Requires PostgreSQL/API credentials; run with --live">E:\LLM Project\作业\reference-repo\w5\pg-mcp\tests\integration\test_full_flow.py:171: Requires PostgreSQL/API credentials; run with --live</skipped></testcase><testcase classname="tests.integration.test_full_flow.TestFullQueryFlow" name="test_blocked_functions" time="0.001"><skipped type="pytest.skip" message="Requires PostgreSQL/API credentials; run with --live">E:\LLM Project\作业\reference-repo\w5\pg-mcp\tests\integration\test_full_flow.py:197: Requires PostgreSQL/API credentials; run with --live</skipped></testcase><testcase classname="tests.integration.test_full_flow.TestFullQueryFlow" name="test_query_timeout_handling" time="0.001"><skipped type="pytest.skip" message="Requires PostgreSQL/API credentials; run with --live">E:\LLM Project\作业\reference-repo\w5\pg-mcp\tests\integration\test_full_flow.py:227: Requires PostgreSQL/API credentials; run with --live</skipped></testcase><testcase classname="tests.integration.test_full_flow.TestFullQueryFlow" name="test_schema_cache_usage" time="0.001"><skipped type="pytest.skip" message="Requires PostgreSQL/API credentials; run with --live">E:\LLM Project\作业\reference-repo\w5\pg-mcp\tests\integration\test_full_flow.py:248: Requires PostgreSQL/API credentials; run with --live</skipped></testcase><testcase classname="tests.integration.test_full_flow.TestFullQueryFlow" name="test_error_handling_with_invalid_database" time="0.002"><skipped type="pytest.skip" message="Requires PostgreSQL/API credentials; run with --live">E:\LLM Project\作业\reference-repo\w5\pg-mcp\tests\integration\test_full_flow.py:269: Requires PostgreSQL/API credentials; run with --live</skipped></testcase><testcase classname="tests.integration.test_full_flow.TestFullQueryFlow" name="test_empty_result_handling" time="0.001"><skipped type="pytest.skip" message="Requires PostgreSQL/API credentials; run with --live">E:\LLM Project\作业\reference-repo\w5\pg-mcp\tests\integration\test_full_flow.py:290: Requires PostgreSQL/API credentials; run with --live</skipped></testcase><testcase classname="tests.integration.test_full_flow.TestFullQueryFlow" name="test_large_result_set_handling" time="0.001"><skipped type="pytest.skip" message="Requires PostgreSQL/API credentials; run with --live">E:\LLM Project\作业\reference-repo\w5\pg-mcp\tests\integration\test_full_flow.py:314: Requires PostgreSQL/API credentials; run with --live</skipped></testcase><testcase classname="tests.integration.test_full_flow.TestFullQueryFlow" name="test_concurrent_queries" time="0.001"><skipped type="pytest.skip" message="Requires PostgreSQL/API credentials; run with --live">E:\LLM Project\作业\reference-repo\w5\pg-mcp\tests\integration\test_full_flow.py:341: Requires PostgreSQL/API credentials; run with --live</skipped></testcase><testcase classname="tests.integration.test_full_flow.TestFullQueryFlow" name="test_tokens_used_tracking" time="0.001"><skipped type="pytest.skip" message="Requires PostgreSQL/API credentials; run with --live">E:\LLM Project\作业\reference-repo\w5\pg-mcp\tests\integration\test_full_flow.py:366: Requires PostgreSQL/API credentials; run with --live</skipped></testcase><testcase classname="tests.integration.test_full_flow.TestIntegrationErrorScenarios" name="test_malformed_input_handling" time="0.001"><skipped type="pytest.skip" message="Requires PostgreSQL/API credentials; run with --live">E:\LLM Project\作业\reference-repo\w5\pg-mcp\tests\integration\test_full_flow.py:392: Requires PostgreSQL/API credentials; run with --live</skipped></testcase><testcase classname="tests.integration.test_full_flow.TestIntegrationErrorScenarios" name="test_special_characters_in_query" time="0.002"><skipped type="pytest.skip" message="Requires PostgreSQL/API credentials; run with --live">E:\LLM Project\作业\reference-repo\w5\pg-mcp\tests\integration\test_full_flow.py:409: Requires PostgreSQL/API credentials; run with --live</skipped></testcase><testcase classname="tests.integration.test_full_flow.TestIntegrationErrorScenarios" name="test_unicode_handling" time="0.001"><skipped type="pytest.skip" message="Requires PostgreSQL/API credentials; run with --live">E:\LLM Project\作业\reference-repo\w5\pg-mcp\tests\integration\test_full_flow.py:428: Requires PostgreSQL/API credentials; run with --live</skipped></testcase><testcase classname="tests.integration.test_full_flow.TestIntegrationPerformance" name="test_query_response_time" time="0.001"><skipped type="pytest.skip" message="Requires PostgreSQL/API credentials; run with --live">E:\LLM Project\作业\reference-repo\w5\pg-mcp\tests\integration\test_full_flow.py:451: Requires PostgreSQL/API credentials; run with --live</skipped></testcase><testcase classname="tests.integration.test_full_flow.TestIntegrationPerformance" name="test_connection_pool_efficiency" time="0.001"><skipped type="pytest.skip" message="Requires PostgreSQL/API credentials; run with --live">E:\LLM Project\作业\reference-repo\w5\pg-mcp\tests\integration\test_full_flow.py:472: Requires PostgreSQL/API credentials; run with --live</skipped></testcase><testcase classname="tests.unit.test_config.TestDatabaseConfig" name="test_default_values" time="0.008" /><testcase classname="tests.unit.test_config.TestDatabaseConfig" name="test_custom_values" time="0.004" /><testcase classname="tests.unit.test_config.TestDatabaseConfig" name="test_dsn_generation" time="0.004" /><testcase classname="tests.unit.test_config.TestDatabaseConfig" name="test_safe_dsn_masks_password" time="0.004" /><testcase classname="tests.unit.test_config.TestDatabaseConfig" name="test_invalid_port" time="0.006" /><testcase classname="tests.unit.test_config.TestDatabaseConfig" name="test_invalid_pool_size" time="0.006" /><testcase classname="tests.unit.test_config.TestOpenAIConfig" name="test_default_values" time="0.003" /><testcase classname="tests.unit.test_config.TestOpenAIConfig" name="test_custom_values" time="0.003" /><testcase classname="tests.unit.test_config.TestOpenAIConfig" name="test_empty_api_key_rejected" time="0.004" /><testcase classname="tests.unit.test_config.TestOpenAIConfig" name="test_whitespace_api_key_rejected" time="0.003" /><testcase classname="tests.unit.test_config.TestOpenAIConfig" name="test_invalid_api_key_format" time="0.003" /><testcase classname="tests.unit.test_config.TestOpenAIConfig" name="test_invalid_max_tokens" time="0.005" /><testcase classname="tests.unit.test_config.TestOpenAIConfig" name="test_invalid_temperature" time="0.004" /><testcase classname="tests.unit.test_config.TestSecurityConfig" name="test_default_values" time="0.004" /><testcase classname="tests.unit.test_config.TestSecurityConfig" name="test_custom_blocked_functions" time="0.004" /><testcase classname="tests.unit.test_config.TestSecurityConfig" name="test_parse_blocked_functions_from_string" time="0.004" /><testcase classname="tests.unit.test_config.TestSecurityConfig" name="test_allow_write_operations" time="0.004" /><testcase classname="tests.unit.test_config.TestSecurityConfig" name="test_invalid_max_rows" time="0.008" /><testcase classname="tests.unit.test_config.TestValidationConfig" name="test_default_values" time="0.003" /><testcase classname="tests.unit.test_config.TestValidationConfig" name="test_custom_values" time="0.004" /><testcase classname="tests.unit.test_config.TestValidationConfig" name="test_invalid_confidence_score" time="0.010" /><testcase classname="tests.unit.test_config.TestCacheConfig" name="test_default_values" time="0.003" /><testcase classname="tests.unit.test_config.TestCacheConfig" name="test_custom_values" time="0.004" /><testcase classname="tests.unit.test_config.TestCacheConfig" name="test_invalid_ttl" time="0.004" /><testcase classname="tests.unit.test_config.TestResilienceConfig" name="test_default_values" time="0.003" /><testcase classname="tests.unit.test_config.TestResilienceConfig" name="test_custom_values" time="0.003" /><testcase classname="tests.unit.test_config.TestResilienceConfig" name="test_invalid_values" time="0.007" /><testcase classname="tests.unit.test_config.TestObservabilityConfig" name="test_default_values" time="0.004" /><testcase classname="tests.unit.test_config.TestObservabilityConfig" name="test_custom_values" time="0.003" /><testcase classname="tests.unit.test_config.TestObservabilityConfig" name="test_invalid_log_level" time="0.014" /><testcase classname="tests.unit.test_config.TestObservabilityConfig" name="test_invalid_log_format" time="0.004" /><testcase classname="tests.unit.test_config.TestSettings" name="test_default_settings" time="0.015" /><testcase classname="tests.unit.test_config.TestSettings" name="test_is_production" time="0.016" /><testcase classname="tests.unit.test_config.TestSettings" name="test_is_development" time="0.017" /><testcase classname="tests.unit.test_config.TestSettings" name="test_nested_config_override" time="0.017" /><testcase classname="tests.unit.test_config.TestSettingsGlobalInstance" name="test_get_settings_creates_instance" time="0.017" /><testcase classname="tests.unit.test_config.TestSettingsGlobalInstance" name="test_get_settings_returns_same_instance" time="0.017" /><testcase classname="tests.unit.test_config.TestSettingsGlobalInstance" name="test_reset_settings" time="0.030" /><testcase classname="tests.unit.test_config.TestSettingsGlobalInstance" name="test_settings_from_environment" time="0.020" /><testcase classname="tests.unit.test_homework" name="test_security_bypasses_rejected[SELECT * FROM secrets]" time="0.022" /><testcase classname="tests.unit.test_homework" name="test_security_bypasses_rejected[SELECT * FROM public.secrets]" time="0.005" /><testcase classname="tests.unit.test_homework" name="test_security_bypasses_rejected[SELECT * FROM &quot;public&quot;.&quot;secrets&quot;]" time="0.006" /><testcase classname="tests.unit.test_homework" name="test_security_bypasses_rejected[WITH s AS (SELECT id FROM secrets) SELECT id FROM s]" time="0.006" /><testcase classname="tests.unit.test_homework" name="test_security_bypasses_rejected[SELECT id FROM users UNION SELECT id FROM secrets]" time="0.006" /><testcase classname="tests.unit.test_homework" name="test_security_bypasses_rejected[SELECT u.password FROM users AS u]" time="0.005" /><testcase classname="tests.unit.test_homework" name="test_security_bypasses_rejected[SELECT password AS harmless FROM users]" time="0.005" /><testcase classname="tests.unit.test_homework" name="test_security_bypasses_rejected[SELECT u.&quot;password&quot; FROM users u]" time="0.007" /><testcase classname="tests.unit.test_homework" name="test_security_bypasses_rejected[SELECT id FROM users WHERE password IS NOT NULL]" time="0.006" /><testcase classname="tests.unit.test_homework" name="test_security_bypasses_rejected[SELECT id FROM users ORDER BY password]" time="0.007" /><testcase classname="tests.unit.test_homework" name="test_security_bypasses_rejected[SELECT * FROM users]" time="0.006" /><testcase classname="tests.unit.test_homework" name="test_security_bypasses_rejected[SELECT u.* FROM users u]" time="0.006" /><testcase classname="tests.unit.test_homework" name="test_security_bypasses_rejected[SELECT row_to_json(u) FROM users u]" time="0.006" /><testcase classname="tests.unit.test_homework" name="test_security_bypasses_rejected[SELECT to_jsonb(u) FROM users u]" time="0.007" /><testcase classname="tests.unit.test_homework" name="test_security_bypasses_rejected[SELECT u FROM users u]" time="0.006" /><testcase classname="tests.unit.test_homework" name="test_security_bypasses_rejected[SELECT COUNT(u.*) FROM users u]" time="0.006" /><testcase classname="tests.unit.test_homework" name="test_security_bypasses_rejected[WITH u AS (SELECT password FROM users) SELECT * FROM u]" time="0.006" /><testcase classname="tests.unit.test_homework" name="test_security_bypasses_rejected[SELECT (SELECT password FROM users LIMIT 1)]" time="0.007" /><testcase classname="tests.unit.test_homework" name="test_security_bypasses_rejected[SELECT id FROM users UNION SELECT password FROM users]" time="0.009" /><testcase classname="tests.unit.test_homework" name="test_security_bypasses_rejected[WITH d AS (DELETE FROM users RETURNING id) SELECT id FROM d]" time="0.006" /><testcase classname="tests.unit.test_homework" name="test_security_bypasses_rejected[SELECT id INTO backup FROM users]" time="0.007" /><testcase classname="tests.unit.test_homework" name="test_security_bypasses_rejected[SELECT id FROM users FOR UPDATE]" time="0.005" /><testcase classname="tests.unit.test_homework" name="test_security_bypasses_rejected[SELECT 1; DELETE FROM users]" time="0.006" /><testcase classname="tests.unit.test_homework" name="test_security_bypasses_rejected[SELECT public.pg_sleep(1)]" time="0.006" /><testcase classname="tests.unit.test_homework" name="test_safe_queries_still_work[SELECT id FROM users]" time="0.007" /><testcase classname="tests.unit.test_homework" name="test_safe_queries_still_work[SELECT COUNT(*) FROM users]" time="0.007" /><testcase classname="tests.unit.test_homework" name="test_safe_queries_still_work[WITH u AS (SELECT id FROM users) SELECT id FROM u]" time="0.006" /><testcase classname="tests.unit.test_homework" name="test_safe_queries_still_work[SELECT id FROM users UNION SELECT id FROM users]" time="0.006" /><testcase classname="tests.unit.test_homework" name="test_safe_queries_still_work[SELECT id FROM (SELECT id FROM users UNION SELECT id FROM users) u]" time="0.006" /><testcase classname="tests.unit.test_homework" name="test_explain_cannot_bypass_security[EXPLAIN SELECT pg_sleep(1)]" time="0.007" /><testcase classname="tests.unit.test_homework" name="test_explain_cannot_bypass_security[EXPLAIN SELECT password FROM users]" time="0.005" /><testcase classname="tests.unit.test_homework" name="test_explain_cannot_bypass_security[EXPLAIN SELECT * FROM secrets]" time="0.006" /><testcase classname="tests.unit.test_homework" name="test_explain_cannot_bypass_security[EXPLAIN ANALYZE SELECT id FROM users]" time="0.005" /><testcase classname="tests.unit.test_homework" name="test_explain_cannot_bypass_security[EXPLAIN (ANALYZE TRUE) SELECT id FROM users]" time="0.005" /><testcase classname="tests.unit.test_homework" name="test_explain_cannot_bypass_security[EXPLAIN DELETE FROM users]" time="0.007" /><testcase classname="tests.unit.test_homework" name="test_explain_cannot_bypass_security[EXPLAIN WITH d AS (DELETE FROM users RETURNING id) SELECT id FROM d]" time="0.043" /><testcase classname="tests.unit.test_homework" name="test_explain_cannot_bypass_security[EXPLAIN SELECT id FROM users; DROP TABLE users]" time="0.007" /><testcase classname="tests.unit.test_homework" name="test_plain_explain_validated" time="0.008" /><testcase classname="tests.unit.test_homework" name="test_commands_and_indirect_query_functions_rejected[VACUUM users]" time="0.006" /><testcase classname="tests.unit.test_homework" name="test_commands_and_indirect_query_functions_rejected[SELECT 1; VACUUM users]" time="0.005" /><testcase classname="tests.unit.test_homework" name="test_commands_and_indirect_query_functions_rejected[SELECT query_to_xml('SELECT password FROM users',true,false,'')]" time="0.006" /><testcase classname="tests.unit.test_homework" name="test_commands_and_indirect_query_functions_rejected[SELECT set_config('search_path','private',false)]" time="0.006" /><testcase classname="tests.unit.test_homework" name="test_sql_extraction_preserves_explain_and_extra_statements" time="0.006" /><testcase classname="tests.unit.test_homework" name="test_prompt_schema_does_not_leak_or_mutate" time="0.005" /><testcase classname="tests.unit.test_homework" name="test_database_routes_to_its_own_executor[a]" time="0.029" /><testcase classname="tests.unit.test_homework" name="test_database_routes_to_its_own_executor[b]" time="0.019" /><testcase classname="tests.unit.test_homework" name="test_ambiguous_or_unknown_database_fails_before_llm[None]" time="0.016" /><testcase classname="tests.unit.test_homework" name="test_ambiguous_or_unknown_database_fails_before_llm[unknown]" time="0.015" /><testcase classname="tests.unit.test_homework" name="test_missing_executor_does_not_fall_back" time="0.016" /><testcase classname="tests.unit.test_homework" name="test_sql_only_does_not_execute" time="0.018" /><testcase classname="tests.unit.test_homework" name="test_database_specific_policy" time="0.023" /><testcase classname="tests.unit.test_homework" name="test_transient_llm_retries_backoff_and_token_accounting" time="0.022" /><testcase classname="tests.unit.test_homework" name="test_auth_failure_is_not_retried" time="0.024" /><testcase classname="tests.unit.test_homework" name="test_open_circuit_stops_provider_calls" time="0.019" /><testcase classname="tests.unit.test_homework" name="test_database_retry_classification[40001-2]" time="0.024" /><testcase classname="tests.unit.test_homework" name="test_database_retry_classification[08006-2]" time="0.024" /><testcase classname="tests.unit.test_homework" name="test_database_retry_classification[42601-1]" time="0.021" /><testcase classname="tests.unit.test_homework" name="test_admission_limit_and_cancellation_release" time="0.046" /><testcase classname="tests.unit.test_homework" name="test_trace_ids_are_task_local_and_reset" time="0.035" /><testcase classname="tests.unit.test_homework" name="test_request_metrics_include_success_failure_security_and_tokens" time="0.023" /><testcase classname="tests.unit.test_homework" name="test_configured_question_length" time="0.016" /><testcase classname="tests.unit.test_homework" name="test_response_invariants[kwargs0]" time="0.006" /><testcase classname="tests.unit.test_homework" name="test_response_invariants[kwargs1]" time="0.003" /><testcase classname="tests.unit.test_homework" name="test_response_invariants[kwargs2]" time="0.002" /><testcase classname="tests.unit.test_homework" name="test_response_invariants[kwargs3]" time="0.002" /><testcase classname="tests.unit.test_homework" name="test_response_tokens_stable[None]" time="0.003" /><testcase classname="tests.unit.test_homework" name="test_response_tokens_stable[0]" time="0.002" /><testcase classname="tests.unit.test_homework" name="test_response_tokens_stable[12]" time="0.002" /><testcase classname="tests.unit.test_homework" name="test_row_count_derived_when_omitted" time="0.002" /><testcase classname="tests.unit.test_homework" name="test_multiple_database_settings_from_environment" time="0.020" /><testcase classname="tests.unit.test_homework" name="test_flat_dotenv_settings_and_json_lists" time="0.080" /><testcase classname="tests.unit.test_homework" name="test_unknown_policy_rejected" time="0.018" /><testcase classname="tests.unit.test_homework" name="test_pool_bound_validation" time="0.004" /><testcase classname="tests.unit.test_homework" name="test_half_open_allows_only_one_probe" time="0.002" /><testcase classname="tests.unit.test_homework" name="test_metrics_registry_can_be_reset" time="0.005" /><testcase classname="tests.unit.test_homework" name="test_mcp_tool_errors_use_same_model" time="0.005" /><testcase classname="tests.unit.test_homework" name="test_lifespan_creates_all_pools_and_closes_resources" time="0.028" /><testcase classname="tests.unit.test_homework" name="test_partial_startup_closes_previously_created_pools" time="0.022" /><testcase classname="tests.unit.test_models.TestColumnInfo" name="test_basic_column" time="0.002" /><testcase classname="tests.unit.test_models.TestColumnInfo" name="test_column_with_default" time="0.003" /><testcase classname="tests.unit.test_models.TestColumnInfo" name="test_to_prompt_line_primary_key" time="0.002" /><testcase classname="tests.unit.test_models.TestColumnInfo" name="test_to_prompt_line_with_comment" time="0.002" /><testcase classname="tests.unit.test_models.TestForeignKeyInfo" name="test_foreign_key_creation" time="0.002" /><testcase classname="tests.unit.test_models.TestForeignKeyInfo" name="test_to_prompt_line" time="0.002" /><testcase classname="tests.unit.test_models.TestIndexInfo" name="test_basic_index" time="0.003" /><testcase classname="tests.unit.test_models.TestIndexInfo" name="test_composite_index" time="0.002" /><testcase classname="tests.unit.test_models.TestTableInfo" name="test_basic_table" time="0.002" /><testcase classname="tests.unit.test_models.TestTableInfo" name="test_to_prompt_section" time="0.002" /><testcase classname="tests.unit.test_models.TestEnumTypeInfo" name="test_enum_creation" time="0.002" /><testcase classname="tests.unit.test_models.TestEnumTypeInfo" name="test_to_prompt_line" time="0.003" /><testcase classname="tests.unit.test_models.TestDatabaseSchema" name="test_empty_schema" time="0.002" /><testcase classname="tests.unit.test_models.TestDatabaseSchema" name="test_get_table" time="0.002" /><testcase classname="tests.unit.test_models.TestDatabaseSchema" name="test_to_prompt_context" time="0.002" /><testcase classname="tests.unit.test_models.TestQueryRequest" name="test_valid_request" time="0.003" /><testcase classname="tests.unit.test_models.TestQueryRequest" name="test_question_sanitization" time="0.002" /><testcase classname="tests.unit.test_models.TestQueryRequest" name="test_empty_question_rejected" time="0.002" /><testcase classname="tests.unit.test_models.TestQueryRequest" name="test_whitespace_only_rejected" time="0.002" /><testcase classname="tests.unit.test_models.TestQueryRequest" name="test_question_too_long" time="0.004" /><testcase classname="tests.unit.test_models.TestQueryResult" name="test_empty_result" time="0.003" /><testcase classname="tests.unit.test_models.TestQueryResult" name="test_result_with_data" time="0.002" /><testcase classname="tests.unit.test_models.TestQueryResponse" name="test_successful_response" time="0.002" /><testcase classname="tests.unit.test_models.TestQueryResponse" name="test_error_response" time="0.002" /><testcase classname="tests.unit.test_models.TestQueryResponse" name="test_sql_only_response" time="0.003" /><testcase classname="tests.unit.test_models.TestErrorModels" name="test_error_detail" time="0.002" /><testcase classname="tests.unit.test_models.TestErrorModels" name="test_error_detail_to_dict" time="0.002" /><testcase classname="tests.unit.test_models.TestErrorModels" name="test_base_exception" time="0.003" /><testcase classname="tests.unit.test_models.TestErrorModels" name="test_security_violation_error" time="0.002" /><testcase classname="tests.unit.test_models.TestErrorModels" name="test_sql_parse_error" time="0.003" /><testcase classname="tests.unit.test_models.TestErrorModels" name="test_database_error" time="0.002" /><testcase classname="tests.unit.test_models.TestErrorModels" name="test_llm_timeout_error" time="0.002" /><testcase classname="tests.unit.test_models.TestErrorModels" name="test_llm_unavailable_error" time="0.002" /><testcase classname="tests.unit.test_models.TestErrorModels" name="test_error_to_detail" time="0.004" /><testcase classname="tests.unit.test_observability_and_validation" name="test_result_validation_scores_and_sampling[90-90]" time="0.010" /><testcase classname="tests.unit.test_observability_and_validation" name="test_result_validation_scores_and_sampling[101-100]" time="0.010" /><testcase classname="tests.unit.test_observability_and_validation" name="test_result_validation_scores_and_sampling[-5-0]" time="0.009" /><testcase classname="tests.unit.test_observability_and_validation" name="test_result_validation_scores_and_sampling[85.4-85]" time="0.009" /><testcase classname="tests.unit.test_observability_and_validation" name="test_result_validation_scores_and_sampling[bad-50]" time="0.009" /><testcase classname="tests.unit.test_observability_and_validation" name="test_result_validation_uses_both_thresholds" time="0.010" /><testcase classname="tests.unit.test_observability_and_validation" name="test_result_validation_invalid_json" time="0.008" /><testcase classname="tests.unit.test_observability_and_validation" name="test_empty_provider_response[choices]" time="0.011" /><testcase classname="tests.unit.test_observability_and_validation" name="test_empty_provider_response[content]" time="0.009" /><testcase classname="tests.unit.test_observability_and_validation" name="test_validation_provider_error_classification[error0-LLMTimeoutError-None]" time="0.013" /><testcase classname="tests.unit.test_observability_and_validation" name="test_validation_provider_error_classification[error1-LLMUnavailableError-False]" time="0.010" /><testcase classname="tests.unit.test_observability_and_validation" name="test_validation_provider_error_classification[error2-LLMUnavailableError-True]" time="0.008" /><testcase classname="tests.unit.test_observability_and_validation" name="test_validation_provider_error_classification[error3-LLMError-False]" time="0.008" /><testcase classname="tests.unit.test_observability_and_validation" name="test_validation_disabled_does_not_call_provider" time="0.009" /><testcase classname="tests.unit.test_observability_and_validation" name="test_trace_decorators_preserve_factory_and_isolate_concurrent_calls" time="0.006" /><testcase classname="tests.unit.test_observability_and_validation" name="test_nested_trace_context_and_logger" time="0.007" /><testcase classname="tests.unit.test_observability_and_validation" name="test_log_redaction_and_json_serialization" time="0.002" /><testcase classname="tests.unit.test_observability_and_validation" name="test_request_context_filter_respects_explicit_id" time="0.011" /><testcase classname="tests.unit.test_observability_and_validation" name="test_logging_targets_stderr_to_preserve_mcp_protocol[text]" time="0.003" /><testcase classname="tests.unit.test_observability_and_validation" name="test_logging_targets_stderr_to_preserve_mcp_protocol[json]" time="0.003" /><testcase classname="tests.unit.test_orchestrator.TestDatabaseResolution" name="test_resolve_database_specified_valid" time="0.008" /><testcase classname="tests.unit.test_orchestrator.TestDatabaseResolution" name="test_resolve_database_specified_invalid" time="0.007" /><testcase classname="tests.unit.test_orchestrator.TestDatabaseResolution" name="test_resolve_database_auto_select_single" time="0.006" /><testcase classname="tests.unit.test_orchestrator.TestDatabaseResolution" name="test_resolve_database_auto_select_multiple_fails" time="0.007" /><testcase classname="tests.unit.test_orchestrator.TestDatabaseResolution" name="test_resolve_database_no_databases" time="0.007" /><testcase classname="tests.unit.test_orchestrator.TestSQLGenerationWithRetry" name="test_generate_sql_success_first_attempt" time="0.011" /><testcase classname="tests.unit.test_orchestrator.TestSQLGenerationWithRetry" name="test_generate_sql_retry_on_validation_failure" time="1.014" /><testcase classname="tests.unit.test_orchestrator.TestSQLGenerationWithRetry" name="test_generate_sql_fails_after_max_retries" time="3.045" /><testcase classname="tests.unit.test_orchestrator.TestSQLGenerationWithRetry" name="test_generate_sql_circuit_breaker_open" time="0.010" /><testcase classname="tests.unit.test_orchestrator.TestSQLGenerationWithRetry" name="test_generate_sql_unexpected_error" time="0.011" /><testcase classname="tests.unit.test_orchestrator.TestResultValidation" name="test_validate_results_success" time="0.011" /><testcase classname="tests.unit.test_orchestrator.TestResultValidation" name="test_validate_results_disabled" time="0.010" /><testcase classname="tests.unit.test_orchestrator.TestResultValidation" name="test_validate_results_failure_does_not_raise" time="0.011" /><testcase classname="tests.unit.test_orchestrator.TestExecuteQueryFlow" name="test_execute_query_sql_only" time="0.014" /><testcase classname="tests.unit.test_orchestrator.TestExecuteQueryFlow" name="test_execute_query_with_results" time="0.017" /><testcase classname="tests.unit.test_orchestrator.TestExecuteQueryFlow" name="test_execute_query_schema_not_cached" time="0.012" /><testcase classname="tests.unit.test_orchestrator.TestExecuteQueryFlow" name="test_execute_query_schema_load_fails" time="0.009" /><testcase classname="tests.unit.test_orchestrator.TestExecuteQueryFlow" name="test_execute_query_validation_error" time="1.020" /><testcase classname="tests.unit.test_orchestrator.TestExecuteQueryFlow" name="test_execute_query_execution_error" time="0.019" /><testcase classname="tests.unit.test_orchestrator.TestExecuteQueryFlow" name="test_execute_query_unexpected_error" time="0.014" /><testcase classname="tests.unit.test_orchestrator.TestExecuteQueryFlow" name="test_execute_query_auto_select_database" time="0.013" /><testcase classname="tests.unit.test_resilience.TestCircuitBreaker" name="test_initial_state_is_closed" time="0.002" /><testcase classname="tests.unit.test_resilience.TestCircuitBreaker" name="test_allow_request_when_closed" time="0.002" /><testcase classname="tests.unit.test_resilience.TestCircuitBreaker" name="test_invalid_failure_threshold" time="0.003" /><testcase classname="tests.unit.test_resilience.TestCircuitBreaker" name="test_invalid_recovery_timeout" time="0.003" /><testcase classname="tests.unit.test_resilience.TestCircuitBreaker" name="test_record_success_resets_failure_count" time="0.003" /><testcase classname="tests.unit.test_resilience.TestCircuitBreaker" name="test_circuit_opens_on_threshold" time="0.002" /><testcase classname="tests.unit.test_resilience.TestCircuitBreaker" name="test_requests_blocked_when_open" time="0.002" /><testcase classname="tests.unit.test_resilience.TestCircuitBreaker" name="test_transition_to_half_open_after_timeout" time="0.158" /><testcase classname="tests.unit.test_resilience.TestCircuitBreaker" name="test_allow_request_in_half_open" time="0.154" /><testcase classname="tests.unit.test_resilience.TestCircuitBreaker" name="test_success_in_half_open_closes_circuit" time="0.156" /><testcase classname="tests.unit.test_resilience.TestCircuitBreaker" name="test_failure_in_half_open_reopens_circuit" time="0.158" /><testcase classname="tests.unit.test_resilience.TestCircuitBreaker" name="test_manual_reset" time="0.004" /><testcase classname="tests.unit.test_resilience.TestCircuitBreaker" name="test_get_stats" time="0.004" /><testcase classname="tests.unit.test_resilience.TestCircuitBreaker" name="test_repr" time="0.003" /><testcase classname="tests.unit.test_resilience.TestCircuitBreaker" name="test_thread_safety" time="0.010" /><testcase classname="tests.unit.test_resilience.TestRateLimiter" name="test_invalid_max_concurrent" time="0.003" /><testcase classname="tests.unit.test_resilience.TestRateLimiter" name="test_initial_state" time="0.002" /><testcase classname="tests.unit.test_resilience.TestRateLimiter" name="test_acquire_and_release" time="0.029" /><testcase classname="tests.unit.test_resilience.TestRateLimiter" name="test_context_manager" time="0.028" /><testcase classname="tests.unit.test_resilience.TestRateLimiter" name="test_concurrent_limit_enforcement" time="0.168" /><testcase classname="tests.unit.test_resilience.TestRateLimiter" name="test_timeout_on_acquire" time="0.111" /><testcase classname="tests.unit.test_resilience.TestRateLimiter" name="test_timeout_in_context_manager" time="0.108" /><testcase classname="tests.unit.test_resilience.TestRateLimiter" name="test_statistics_tracking" time="0.061" /><testcase classname="tests.unit.test_resilience.TestRateLimiter" name="test_reset_stats" time="0.004" /><testcase classname="tests.unit.test_resilience.TestRateLimiter" name="test_repr" time="0.002" /><testcase classname="tests.unit.test_resilience.TestRateLimiter" name="test_many_concurrent_operations" time="0.087" /><testcase classname="tests.unit.test_resilience.TestMultiRateLimiter" name="test_initialization" time="0.008" /><testcase classname="tests.unit.test_resilience.TestMultiRateLimiter" name="test_query_limiter_context" time="0.019" /><testcase classname="tests.unit.test_resilience.TestMultiRateLimiter" name="test_llm_limiter_context" time="0.034" /><testcase classname="tests.unit.test_resilience.TestMultiRateLimiter" name="test_independent_limits" time="0.005" /><testcase classname="tests.unit.test_resilience.TestMultiRateLimiter" name="test_get_all_stats" time="0.039" /><testcase classname="tests.unit.test_resilience.TestMultiRateLimiter" name="test_reset_all_stats" time="0.004" /><testcase classname="tests.unit.test_resilience.TestMultiRateLimiter" name="test_repr" time="0.002" /><testcase classname="tests.unit.test_resilience.TestMultiRateLimiter" name="test_concurrent_query_and_llm" time="0.110" /><testcase classname="tests.unit.test_resilience.TestIntegration" name="test_circuit_breaker_with_rate_limiter" time="0.355" /><testcase classname="tests.unit.test_resilience.TestIntegration" name="test_realistic_workload" time="0.124" /><testcase classname="tests.unit.test_schema_cache.TestSchemaCache" name="test_get_returns_none_when_empty" time="0.004" /><testcase classname="tests.unit.test_schema_cache.TestSchemaCache" name="test_get_returns_none_when_disabled" time="0.004" /><testcase classname="tests.unit.test_schema_cache.TestSchemaCache" name="test_load_stores_in_cache" time="0.007" /><testcase classname="tests.unit.test_schema_cache.TestSchemaCache" name="test_load_does_not_cache_when_disabled" time="0.008" /><testcase classname="tests.unit.test_schema_cache.TestSchemaCache" name="test_get_cache_age_returns_none_when_not_cached" time="0.004" /><testcase classname="tests.unit.test_schema_cache.TestSchemaCache" name="test_get_cache_age_returns_correct_age" time="0.004" /><testcase classname="tests.unit.test_schema_cache.TestSchemaCache" name="test_get_returns_none_when_expired" time="0.004" /><testcase classname="tests.unit.test_schema_cache.TestSchemaCache" name="test_get_returns_schema_when_valid" time="0.004" /><testcase classname="tests.unit.test_schema_cache.TestSchemaCache" name="test_refresh_updates_cache" time="0.007" /><testcase classname="tests.unit.test_schema_cache.TestSchemaCache" name="test_clear_removes_specific_database" time="0.004" /><testcase classname="tests.unit.test_schema_cache.TestSchemaCache" name="test_clear_removes_all_databases" time="0.004" /><testcase classname="tests.unit.test_schema_cache.TestSchemaCache" name="test_get_cached_databases_returns_all_databases" time="0.004" /><testcase classname="tests.unit.test_schema_cache.TestSchemaCache" name="test_get_cached_databases_returns_empty_list" time="0.004" /><testcase classname="tests.unit.test_schema_cache.TestSchemaCache" name="test_start_auto_refresh_when_disabled" time="0.006" /><testcase classname="tests.unit.test_schema_cache.TestSchemaCache" name="test_start_auto_refresh_starts_task" time="0.006" /><testcase classname="tests.unit.test_schema_cache.TestSchemaCache" name="test_start_auto_refresh_does_not_start_duplicate" time="0.006" /><testcase classname="tests.unit.test_schema_cache.TestSchemaCache" name="test_stop_auto_refresh_stops_task" time="0.006" /><testcase classname="tests.unit.test_schema_cache.TestSchemaCache" name="test_stop_auto_refresh_when_not_running" time="0.006" /><testcase classname="tests.unit.test_schema_cache.TestSchemaCache" name="test_auto_refresh_loop_refreshes_cached_schemas" time="1.512" /><testcase classname="tests.unit.test_schema_cache.TestSchemaCache" name="test_auto_refresh_handles_exceptions" time="0.517" /><testcase classname="tests.unit.test_sql_executor.TestSQLExecutor" name="test_execute_basic_query" time="0.045" /><testcase classname="tests.unit.test_sql_executor.TestSQLExecutor" name="test_execute_with_custom_timeout_and_max_rows" time="0.239" /><testcase classname="tests.unit.test_sql_executor.TestSQLExecutor" name="test_execute_timeout_error" time="0.122" /><testcase classname="tests.unit.test_sql_executor.TestSQLExecutor" name="test_execute_database_error" time="0.015" /><testcase classname="tests.unit.test_sql_executor.TestSQLExecutor" name="test_session_params_basic" time="0.014" /><testcase classname="tests.unit.test_sql_executor.TestSQLExecutor" name="test_session_params_with_readonly_role" time="0.013" /><testcase classname="tests.unit.test_sql_executor.TestSQLExecutor" name="test_session_params_invalid_search_path" time="0.012" /><testcase classname="tests.unit.test_sql_executor.TestSQLExecutor" name="test_session_params_invalid_role" time="0.013" /><testcase classname="tests.unit.test_sql_executor.TestResultSerialization" name="test_serialize_datetime_types" time="0.010" /><testcase classname="tests.unit.test_sql_executor.TestResultSerialization" name="test_serialize_timedelta" time="0.009" /><testcase classname="tests.unit.test_sql_executor.TestResultSerialization" name="test_serialize_decimal" time="0.010" /><testcase classname="tests.unit.test_sql_executor.TestResultSerialization" name="test_serialize_uuid" time="0.010" /><testcase classname="tests.unit.test_sql_executor.TestResultSerialization" name="test_serialize_bytes" time="0.018" /><testcase classname="tests.unit.test_sql_executor.TestResultSerialization" name="test_serialize_list" time="0.010" /><testcase classname="tests.unit.test_sql_executor.TestResultSerialization" name="test_serialize_dict" time="0.010" /><testcase classname="tests.unit.test_sql_executor.TestResultSerialization" name="test_serialize_none_values" time="0.010" /><testcase classname="tests.unit.test_sql_executor.TestResultSerialization" name="test_serialize_mixed_types" time="0.045" /><testcase classname="tests.unit.test_sql_executor.TestRowLimiting" name="test_row_limiting_applied" time="0.492" /><testcase classname="tests.unit.test_sql_executor.TestRowLimiting" name="test_row_limiting_not_exceeded" time="0.023" /><testcase classname="tests.unit.test_sql_generator.TestSQLExtraction" name="test_extract_sql_from_code_block" time="0.176" /><testcase classname="tests.unit.test_sql_generator.TestSQLExtraction" name="test_extract_sql_from_plain_code_block" time="0.051" /><testcase classname="tests.unit.test_sql_generator.TestSQLExtraction" name="test_extract_sql_from_text" time="0.047" /><testcase classname="tests.unit.test_sql_generator.TestSQLExtraction" name="test_extract_sql_with_cte" time="0.046" /><testcase classname="tests.unit.test_sql_generator.TestSQLExtraction" name="test_extract_sql_without_code_block" time="0.043" /><testcase classname="tests.unit.test_sql_generator.TestSQLExtraction" name="test_extract_sql_case_insensitive" time="0.047" /><testcase classname="tests.unit.test_sql_generator.TestSQLExtraction" name="test_extract_sql_multiline" time="0.041" /><testcase classname="tests.unit.test_sql_generator.TestSQLExtraction" name="test_extract_sql_returns_none_for_invalid" time="0.040" /><testcase classname="tests.unit.test_sql_generator.TestSQLExtraction" name="test_extract_sql_removes_multiple_semicolons" time="0.042" /><testcase classname="tests.unit.test_sql_generator.TestSQLExtraction" name="test_extract_sql_with_comments" time="0.038" /><testcase classname="tests.unit.test_sql_generator.TestSQLGenerator" name="test_generate_simple_query" time="1.445" /><testcase classname="tests.unit.test_sql_generator.TestSQLGenerator" name="test_generate_with_context" time="0.044" /><testcase classname="tests.unit.test_sql_generator.TestSQLGenerator" name="test_generate_with_retry_context" time="0.050" /><testcase classname="tests.unit.test_sql_generator.TestSQLGenerator" name="test_generate_handles_llm_timeout" time="0.044" /><testcase classname="tests.unit.test_sql_generator.TestSQLGenerator" name="test_generate_handles_authentication_error" time="0.043" /><testcase classname="tests.unit.test_sql_generator.TestSQLGenerator" name="test_generate_handles_rate_limit_error" time="0.046" /><testcase classname="tests.unit.test_sql_generator.TestSQLGenerator" name="test_generate_handles_empty_response" time="0.053" /><testcase classname="tests.unit.test_sql_generator.TestSQLGenerator" name="test_generate_handles_empty_content" time="0.041" /><testcase classname="tests.unit.test_sql_generator.TestSQLGenerator" name="test_generate_handles_invalid_sql_format" time="0.042" /><testcase classname="tests.unit.test_sql_generator.TestSQLGenerator" name="test_generate_with_cte_query" time="0.047" /><testcase classname="tests.unit.test_sql_generator.TestSQLGenerator" name="test_generate_respects_config_settings" time="0.041" /><testcase classname="tests.unit.test_sql_generator.TestSQLGenerator" name="test_generate_includes_schema_context" time="0.041" /><testcase classname="tests.unit.test_sql_generator.TestSQLGenerator" name="test_generate_generic_error" time="0.046" /><testcase classname="tests.unit.test_sql_validator.TestValidStatements" name="test_simple_select" time="0.005" /><testcase classname="tests.unit.test_sql_validator.TestValidStatements" name="test_select_with_where" time="0.005" /><testcase classname="tests.unit.test_sql_validator.TestValidStatements" name="test_select_with_join" time="0.006" /><testcase classname="tests.unit.test_sql_validator.TestValidStatements" name="test_select_with_subquery" time="0.005" /><testcase classname="tests.unit.test_sql_validator.TestValidStatements" name="test_select_with_subquery_in_from" time="0.007" /><testcase classname="tests.unit.test_sql_validator.TestValidStatements" name="test_cte_query" time="0.007" /><testcase classname="tests.unit.test_sql_validator.TestValidStatements" name="test_complex_aggregation" time="0.007" /><testcase classname="tests.unit.test_sql_validator.TestValidStatements" name="test_window_functions" time="0.006" /><testcase classname="tests.unit.test_sql_validator.TestValidStatements" name="test_multiple_joins" time="0.008" /><testcase classname="tests.unit.test_sql_validator.TestValidStatements" name="test_case_expression" time="0.006" /><testcase classname="tests.unit.test_sql_validator.TestRejectedStatements" name="test_insert_rejected" time="0.008" /><testcase classname="tests.unit.test_sql_validator.TestRejectedStatements" name="test_update_rejected" time="0.007" /><testcase classname="tests.unit.test_sql_validator.TestRejectedStatements" name="test_delete_rejected" time="0.006" /><testcase classname="tests.unit.test_sql_validator.TestRejectedStatements" name="test_drop_rejected" time="0.004" /><testcase classname="tests.unit.test_sql_validator.TestRejectedStatements" name="test_create_rejected" time="0.007" /><testcase classname="tests.unit.test_sql_validator.TestRejectedStatements" name="test_alter_rejected" time="0.004" /><testcase classname="tests.unit.test_sql_validator.TestRejectedStatements" name="test_truncate_rejected" time="0.005" /><testcase classname="tests.unit.test_sql_validator.TestRejectedStatements" name="test_grant_rejected" time="0.006" /><testcase classname="tests.unit.test_sql_validator.TestDangerousFunctions" name="test_pg_sleep_blocked" time="0.004" /><testcase classname="tests.unit.test_sql_validator.TestDangerousFunctions" name="test_pg_read_file_blocked" time="0.009" /><testcase classname="tests.unit.test_sql_validator.TestDangerousFunctions" name="test_lo_import_blocked" time="0.005" /><testcase classname="tests.unit.test_sql_validator.TestDangerousFunctions" name="test_dblink_blocked" time="0.006" /><testcase classname="tests.unit.test_sql_validator.TestDangerousFunctions" name="test_pg_terminate_backend_blocked" time="0.005" /><testcase classname="tests.unit.test_sql_validator.TestDangerousFunctions" name="test_custom_blocked_function" time="0.005" /><testcase classname="tests.unit.test_sql_validator.TestDangerousFunctions" name="test_safe_functions_allowed" time="0.007" /><testcase classname="tests.unit.test_sql_validator.TestSensitiveResources" name="test_blocked_table_rejected" time="0.004" /><testcase classname="tests.unit.test_sql_validator.TestSensitiveResources" name="test_blocked_table_in_join" time="0.005" /><testcase classname="tests.unit.test_sql_validator.TestSensitiveResources" name="test_blocked_column_rejected" time="0.005" /><testcase classname="tests.unit.test_sql_validator.TestSensitiveResources" name="test_blocked_column_case_insensitive" time="0.005" /><testcase classname="tests.unit.test_sql_validator.TestSensitiveResources" name="test_partial_column_match" time="0.005" /><testcase classname="tests.unit.test_sql_validator.TestSensitiveResources" name="test_qualified_column_blocked" time="0.005" /><testcase classname="tests.unit.test_sql_validator.TestMultiStatement" name="test_multiple_statements_rejected" time="0.005" /><testcase classname="tests.unit.test_sql_validator.TestMultiStatement" name="test_sql_injection_attempt_drop" time="0.006" /><testcase classname="tests.unit.test_sql_validator.TestMultiStatement" name="test_sql_injection_attempt_union" time="0.005" /><testcase classname="tests.unit.test_sql_validator.TestMultiStatement" name="test_sql_injection_attempt_insert" time="0.006" /><testcase classname="tests.unit.test_sql_validator.TestEdgeCases" name="test_malformed_sql" time="0.005" /><testcase classname="tests.unit.test_sql_validator.TestEdgeCases" name="test_empty_sql" time="0.004" /><testcase classname="tests.unit.test_sql_validator.TestEdgeCases" name="test_whitespace_only_sql" time="0.004" /><testcase classname="tests.unit.test_sql_validator.TestEdgeCases" name="test_comment_only_sql" time="0.005" /><testcase classname="tests.unit.test_sql_validator.TestEdgeCases" name="test_incomplete_sql" time="0.004" /><testcase classname="tests.unit.test_sql_validator.TestEdgeCases" name="test_sql_with_comments" time="0.006" /><testcase classname="tests.unit.test_sql_validator.TestExplainStatements" name="test_explain_rejected_by_default" time="0.005" /><testcase classname="tests.unit.test_sql_validator.TestExplainStatements" name="test_explain_allowed_when_enabled" time="0.004" /><testcase classname="tests.unit.test_sql_validator.TestExplainStatements" name="test_explain_analyze_rejected" time="0.004" /><testcase classname="tests.unit.test_sql_validator.TestExplainStatements" name="test_explain_with_dangerous_query_rejected" time="0.004" /><testcase classname="tests.unit.test_sql_validator.TestValidatorHelperMethods" name="test_normalize_sql" time="0.005" /><testcase classname="tests.unit.test_sql_validator.TestValidatorHelperMethods" name="test_normalize_sql_invalid" time="0.005" /><testcase classname="tests.unit.test_sql_validator.TestValidatorHelperMethods" name="test_extract_tables_simple" time="0.004" /><testcase classname="tests.unit.test_sql_validator.TestValidatorHelperMethods" name="test_extract_tables_multiple" time="0.007" /><testcase classname="tests.unit.test_sql_validator.TestValidatorHelperMethods" name="test_extract_tables_with_subquery" time="0.005" /><testcase classname="tests.unit.test_sql_validator.TestValidatorHelperMethods" name="test_extract_tables_deduplicated" time="0.005" /><testcase classname="tests.unit.test_sql_validator.TestValidatorHelperMethods" name="test_extract_tables_invalid_sql" time="0.005" /><testcase classname="tests.unit.test_sql_validator.TestCTEWithDangerousOperations" name="test_cte_with_multiple_selects" time="0.008" /><testcase classname="tests.unit.test_sql_validator.TestCTEWithDangerousOperations" name="test_cte_in_subquery" time="0.008" /><testcase classname="tests.unit.test_sql_validator.TestSubqueryWithForbiddenOperations" name="test_subquery_with_insert_rejected" time="0.005" /><testcase classname="tests.unit.test_sql_validator.TestSubqueryWithForbiddenOperations" name="test_nested_subquery_all_selects" time="0.008" /></testsuite></testsuites>